// Jest Snapshot v1, https://goo.gl/fbAQLP

exports[`Check Button 1`] = `
<div>
  <button>
    OFF
  </button>
</div>
`;
